Enter password: ****
Welcome to the MySQL monitor.  Commands end with ; or \g.
Your MySQL connection id is 16
Server version: 8.0.19 MySQL Community Server - GPL

Copyright (c) 2000, 2020, Oracle and/or its affiliates. All rights reserved.

Oracle is a registered trademark of Oracle Corporation and/or its
affiliates. Other names may be trademarks of their respective
owners.

Type 'help;' or '\h' for help. Type '\c' to clear the current input statement.

mysql> use BidvestBank;
Database changed
mysql> use BidvestBank;
Database changed
mysql> INSERT INTO CustomerAccount VALUES('A-7794','Midrand','900');
Query OK, 1 row affected (0.22 sec)

mysql> INSERT INTO CustomerAccount VALUES('A-4467','Mabopane','700');
Query OK, 1 row affected (0.06 sec)

mysql> insert into CustomerAccount values('A-3546','Midrand','750');
Query OK, 1 row affected (0.20 sec)


mysql>  INSERT INTO CustomerAccount VALUES('A-3453','Universitas','700');
Query OK, 1 row affected (0.17 sec)

mysql> INSERT INTO CustomerAccount VALUES('A-2542','Mamelodi','350');
Query OK, 1 row affected (0.04 sec)


mysql> INSERT INTO BankBranch VALUES('Midrand','Johannesburg',7100000);
Query OK, 1 row affected (0.52 sec)

mysql> INSERT INTO BankBranch VALUES('Newtown','Johannesburg',9000000);
Query OK, 1 row affected (0.07 sec)

mysql> INSERT INTO BankBranch VALUES('Mabopane','Pretoria',400000);
Query OK, 1 row affected (0.13 sec)

mysql> INSERT INTO BankBranch VALUES('Belgravia','Kimberley',3700000);
Query OK, 1 row affected (0.17 sec)

mysql> INSERT INTO BankBranch VALUES('Sunnyside','Pretoria',1700000);
Query OK, 1 row affected (0.05 sec)

mysql> INSERT INTO BankBranch VALUES('Amanzimtoti','Durban',300000);
Query OK, 1 row affected (0.37 sec)

mysql> INSERT INTO BankBranch VALUES('Universitas','Bloemfontein',2100000);
Query OK, 1 row affected (0.13 sec)

mysql> INSERT INTO BankBranch VALUES('Mamelodi','Pretoria',8000000);
Query OK, 1 row affected (0.16 sec)

mysql> insertn into Customer values('Modise','Spring','George');
ERROR 1064 (42000): You have an error in your SQL syntax; check the manual that corresponds to your MySQL server version for the right syntax to use near 'insertn into Customer values('Modise','Spring','George')' at line 1
mysql>  insert into Customer values('Modise','Spring','George');
Query OK, 1 row affected (0.55 sec)

mysql>  insert into Customer values('Brooks','Senator','Johannesburg');
Query OK, 1 row affected (0.09 sec)

mysql>  insert into Customer values('Jooste','North','Kimberley');
Query OK, 1 row affected (0.37 sec)

mysql>  insert into Customer values('Lombard','Sand Hill','Nelspruit');
Query OK, 1 row affected (0.17 sec)

mysql>  insert into Customer values('Mokwena','Walnut','Port-Elizabeth');
Query OK, 1 row affected (0.09 sec)

mysql>  insert into Customer values('Johnson','Mmabatho','Mafikeng');
Query OK, 1 row affected (0.12 sec)

mysql>  insert into Customer values('Johnson','Alma','Bloemfontein');
Query OK, 1 row affected (0.06 sec)

mysql>  insert into Customer values('Zwane','Main','Mafikeng');
Query OK, 1 row affected (0.14 sec)

mysql>  insert into Customer values('Lindsay','Park','George');
Query OK, 1 row affected (0.06 sec)

Query OK, 1 row affected (0.13 sec)

mysql>  insert into Customer values('Williams','Nassau','Giyane');
Query OK, 1 row affected (0.14 sec)


mysql> insert into Depositor values('Johnson','A-5624');
Query OK, 1 row affected (0.06 sec)

mysql> insert into Depositor values('Johnson','A-5624');
Query OK, 1 row affected (0.16 sec)

mysql> insert into Depositor values('Johnson','A-7794');
Query OK, 1 row affected (0.05 sec)

mysql> insert into Depositor values('Zwane','A-3546');
Query OK, 1 row affected (0.13 sec)

mysql> insert into Depositor values('Smith','A-4467');
Query OK, 1 row affected (0.14 sec)

mysql> insert into Depositor values('Lindsay','A-3453');
Query OK, 1 row affected (0.20 sec)

mysql> insert into Depositor values('Dlamini','A-2542');
Query OK, 1 row affected (0.13 sec)


mysql> insert into Loan values('L-14','Newtown',1500);
Query OK, 1 row affected (0.17 sec)

mysql> insert into Loan values('L-15','Sunnyside',1500);
Query OK, 1 row affected (0.15 sec)

mysql> insert into Loan values('L-16','Sunnyside',1300);
Query OK, 1 row affected (0.07 sec)

mysql> insert into Loan values('L-17','Newtown',1000);
Query OK, 1 row affected (0.14 sec)

mysql> insert into Loan values('L-23','Universitas',2000);
Query OK, 1 row affected (0.13 sec)

mysql> insert into Loan values('L-93','Mabopane',500);
Query OK, 1 row affected (0.14 sec)


mysql> insert into Borrower values('Modise','L-16');
Query OK, 1 row affected (0.10 sec)

mysql> insert into Borrower values('Jooste','L-93');
Query OK, 1 row affected (0.43 sec)

mysql> insert into Borrower values('Johnson','L-15');
Query OK, 1 row affected (0.06 sec)

mysql> insert into Borrower values('Jackson','L-14');
Query OK, 1 row affected (0.05 sec)

mysql> insert into Borrower values('Zwane','L-17');
Query OK, 1 row affected (0.06 sec)

mysql> insert into Borrower values('Smith','L-11');
Query OK, 1 row affected (0.15 sec)

mysql> insert into Borrower values('Smith','L-23');
Query OK, 1 row affected (1.00 sec)

mysql> insert into Borrower values('Williams','L-17');
Query OK, 1 row affected (0.06 sec)



mysql> CREATE TABLE Borrower(
    -> customername char(20) not null,
    -> loannumber varchar(20)
    -> );
Query OK, 0 rows affected (0.92 sec)

mysql> insert into Employee values('Modise','Sunnyside','1500');
Query OK, 1 row affected (1.52 sec)

mysql> insert into Employee values('Brown','Sunnyside','1300');
Query OK, 1 row affected (1.53 sec)

mysql> insert into Employee values('Gopal','Sunnyside','5300');
Query OK, 1 row affected (0.15 sec)

mysql> insert into Employee values('Johnson','Newtown','1500');
Query OK, 1 row affected (0.10 sec)

mysql> insert into Employee values('Loreena','Newtown','1300');
Query OK, 1 row affected (0.05 sec)

mysql> insert into Employee values('Peterson','Newtown','2500');
Query OK, 1 row affected (0.17 sec)

mysql> insert into Employee values('Rao','Austin','1500');
Query OK, 1 row affected (0.05 sec)